life — generation 0

.#..........
..#.........
###.........
............
............
............
............
............

life — generation 1

............
#.#.........
.##.........
.#..........
............
............
............
............

life — generation 2

............
..#.........
#.#.........
.##.........
............
............
............
............

life — generation 3

............
.#..........
..##........
.##.........
............
............
............
............

life — generation 4

............
..#.........
...#........
.###........
............
............
............
............
