   0.0.4: we say true, the spec says true (core alone: true)
   1.2.3: we say true, the spec says true (core alone: true)
   10.20.30: we say true, the spec says true (core alone: true)
   1.0.0-alpha: we say true, the spec says true (core alone: false)
   1.0.0-alpha.1: we say true, the spec says true (core alone: false)
   1.0.0-alpha.beta: we say true, the spec says true (core alone: false)
   1.0.0-rc.1+build.1: we say true, the spec says true (core alone: false)
   1.1.2+meta: we say true, the spec says true (core alone: false)
   2.0.0+build.1848: we say true, the spec says true (core alone: false)
   1.0.0-0A.is.legal: we say true, the spec says true (core alone: false)
   1: we say false, the spec says false (core alone: false)
   1.2: we say false, the spec says false (core alone: false)
   01.1.1: we say false, the spec says false (core alone: false)
   1.01.1: we say false, the spec says false (core alone: false)
   1.1.01: we say false, the spec says false (core alone: false)
   1.2.3-0123: we say false, the spec says false (core alone: false)
   1.2.3.DEV: we say false, the spec says false (core alone: false)
   1.2-SNAPSHOT: we say false, the spec says false (core alone: false)
   -1.0.3: we say false, the spec says false (core alone: false)
   +invalid: we say false, the spec says false (core alone: false)
   1.1.2+.123: we say false, the spec says false (core alone: false)
   1.0.0-alpha..: we say false, the spec says false (core alone: false)

22 case(s) checked against the spec
0 disagreement(s)
